// Jest Snapshot v1, https://goo.gl/fbAQLP

exports[`AudioComponent should render component 1`] = `
Array [
  <button
    className="play-button play-button--small "
    onClick={[Function]}
    type="button"
  />,
  <div
    className="track__status"
  >
    <audio />
  </div>,
]
`;
