// Jest Snapshot v1, https://goo.gl/fbAQLP

exports[`ResultComponent should render component 1`] = `
<section
  className="result"
>
  <div
    className="result__logo"
  >
    <img
      alt="Угадай мелодию"
      height="83"
      src="img/melody-logo.png"
      width="186"
    />
  </div>
  Test
</section>
`;
