// Jest Snapshot v1, https://goo.gl/fbAQLP

exports[`SuccessResultComponent should render success component 1`] = `
<section
  className="result"
>
  <div
    className="result__logo"
  >
    <img
      alt="Угадай мелодию"
      height="83"
      src="img/melody-logo.png"
      width="186"
    />
  </div>
  <h2
    className="result__title"
  >
    Вы настоящий меломан!
  </h2>
  <p
    className="result__total"
  >
    Вы ответили правильно на 
    10
     вопросов и совершили 
    0
     ошибки
  </p>
  <button
    className="replay"
    type="button"
  >
    Сыграть ещё раз
  </button>
</section>
`;
