// Jest Snapshot v1, https://goo.gl/fbAQLP

exports[`PlayButtonComponent should render component 1`] = `
<button
  className="play-button play-button--small "
  onClick={[Function]}
  type="button"
/>
`;
