// Jest Snapshot v1, https://goo.gl/fbAQLP

exports[`withAudioHOC should render component 1`] = `
<div>
  <button
    onClick={[Function]}
  />
  <audio />
</div>
`;
